[0.003s][info][gc] Using G1
[0,152s][info][gc] GC(0) Pause Young (Normal) (G1 Evacuation Pause) 43M->37M(508M) 23,442ms
[0,207s][info][gc] GC(1) Pause Young (Normal) (G1 Evacuation Pause) 77M->79M(508M) 27,429ms
[0,256s][info][gc] GC(2) Pause Young (Normal) (G1 Evacuation Pause) 115M->117M(508M) 24,211ms
[0,315s][info][gc] GC(3) Pause Young (Normal) (G1 Evacuation Pause) 161M->163M(508M) 26,447ms
[0,394s][info][gc] GC(4) Pause Young (Normal) (G1 Evacuation Pause) 219M->220M(1524M) 32,661ms
[0,623s][info][gc] GC(5) Pause Young (Normal) (G1 Evacuation Pause) 348M->350M(1524M) 78,660ms
[0,844s][info][gc] GC(6) Pause Young (Normal) (G1 Evacuation Pause) 494M->498M(1524M) 93,064ms
[0,958s][info][gc] GC(7) Pause Young (Normal) (G1 Evacuation Pause) 562M->567M(1524M) 66,977ms
[1,169s][info][gc] GC(8) Pause Young (Normal) (G1 Evacuation Pause) 751M->757M(4112M) 77,783ms
[1,678s][info][gc] GC(9) Pause Young (Normal) (G1 Evacuation Pause) 1129M->1135M(4112M) 173,862ms
[2,132s][info][gc] GC(10) Pause Young (Normal) (G1 Evacuation Pause) 1579M->1587M(4112M) 166,175ms
[2,370s][info][gc] GC(11) Pause Young (Normal) (G1 Evacuation Pause) 1763M->1773M(4112M) 127,613ms
[2,589s][info][gc] GC(12) Pause Young (Concurrent Start) (G1 Humongous Allocation) 1939M->1949M(5664M) 118,920ms
[2,589s][info][gc] GC(13) Concurrent Undo Cycle
[2,632s][info][gc] GC(13) Concurrent Undo Cycle 42,439ms
[3,431s][info][gc] GC(14) Pause Young (Normal) (G1 Evacuation Pause) 2605M->2591M(5664M) 204,982ms
[3,780s][info][gc] GC(15) Pause Young (Concurrent Start) (G1 Evacuation Pause) 2835M->2843M(5664M) 170,176ms
[3,780s][info][gc] GC(16) Concurrent Mark Cycle
[4,635s][info][gc] GC(17) Pause Young (Normal) (G1 Evacuation Pause) 3691M->3689M(5664M) 191,549ms
[5,001s][info][gc] GC(18) Pause Young (Normal) (G1 Evacuation Pause) 3933M->3939M(6596M) 177,587ms
[5,567s][info][gc] GC(19) Pause Young (Normal) (G1 Evacuation Pause) 4231M->4237M(6596M) 207,432ms
[6,119s][info][gc] GC(16) Pause Remark 5239M->4423M(7388M) 3,896ms
[6,871s][info][gc] GC(20) Pause Young (Normal) (G1 Evacuation Pause) 4609M->4615M(7388M) 208,025ms
[7,371s][info][gc] GC(21) Pause Young (Normal) (G1 Evacuation Pause) 4939M->4947M(7388M) 212,937ms
[7,819s][info][gc] GC(22) Pause Young (Normal) (G1 Evacuation Pause) 5267M->5273M(7388M) 216,926ms
[8,263s][info][gc] GC(23) Pause Young (Normal) (G1 Evacuation Pause) 5593M->5603M(7628M) 215,360ms
[9,385s][info][gc] GC(16) Pause Cleanup 7117M->7117M(7628M) 0,295ms
[9,416s][info][gc] GC(16) Concurrent Mark Cycle 5636,363ms
[9,706s][info][gc] GC(24) Pause Young (Prepare Mixed) (G1 Preventive Collection) 7247M->7251M(7628M) 203,057ms
[9,916s][info][gc] GC(25) Pause Young (Mixed) (G1 Preventive Collection) 7399M->7403M(7628M) 116,884ms
[10,033s][info][gc] GC(26) Pause Young (Mixed) (G1 Preventive Collection) 7479M->7477M(7628M) 67,466ms
[10,105s][info][gc] GC(27) Pause Young (Concurrent Start) (G1 Preventive Collection) 7517M->7533M(7628M) 46,525ms
[10,105s][info][gc] GC(28) Concurrent Mark Cycle
[10,153s][info][gc] GC(29) Pause Young (Normal) (G1 Preventive Collection) 7549M->7552M(7772M) 29,129ms
[10,338s][info][gc] GC(30) Pause Young (Normal) (G1 Preventive Collection) 7640M->7641M(7772M) 79,990ms
[10,414s][info][gc] GC(31) Pause Young (Normal) (G1 Preventive Collection) 7673M->7682M(7772M) 48,343ms
[10,458s][info][gc] GC(32) Pause Young (Normal) (G1 Preventive Collection) 7702M->7704M(7772M) 28,527ms
[10,492s][info][gc] GC(33) Pause Young (Normal) (G1 Preventive Collection) 7720M->7719M(7860M) 21,568ms
[10,587s][info][gc] GC(34) Pause Young (Normal) (G1 Preventive Collection) 7759M->7758M(7860M) 45,962ms
[10,636s][info][gc] GC(35) Pause Young (Normal) (G1 Preventive Collection) 7774M->7780M(7860M) 36,472ms
[10,675s][info][gc] GC(36) Pause Young (Normal) (G1 Preventive Collection) 7804M->7803M(7860M) 21,327ms
[10,702s][info][gc] GC(37) Pause Young (Normal) (G1 Preventive Collection) 7807M->7810M(7916M) 24,448ms
[10,774s][info][gc] GC(38) Pause Young (Normal) (G1 Preventive Collection) 7842M->7842M(7916M) 34,799ms
[10,810s][info][gc] GC(39) Pause Young (Normal) (G1 Preventive Collection) 7854M->7858M(7916M) 26,967ms
[10,838s][info][gc] GC(40) Pause Young (Normal) (G1 Preventive Collection) 7874M->7871M(7916M) 15,996ms
[10,860s][info][gc] GC(41) Pause Young (Normal) (G1 Preventive Collection) 7875M->7878M(7948M) 18,118ms
[10,900s][info][gc] GC(42) Pause Young (Normal) (G1 Preventive Collection) 7894M->7893M(7948M) 20,592ms
[10,927s][info][gc] GC(43) Pause Young (Normal) (G1 Preventive Collection) 7897M->7898M(7948M) 23,310ms
[10,952s][info][gc] GC(44) Pause Young (Normal) (G1 Preventive Collection) 7906M->7906M(7948M) 18,682ms
[10,976s][info][gc] GC(45) Pause Young (Normal) (G1 Preventive Collection) 7910M->7909M(7972M) 20,388ms
[11,014s][info][gc] GC(46) Pause Young (Normal) (G1 Preventive Collection) 7925M->7925M(7972M) 16,561ms
[11,037s][info][gc] GC(47) Pause Young (Normal) (G1 Preventive Collection) 7929M->7930M(7976M) 19,418ms
[11,056s][info][gc] GC(48) Pause Young (Normal) (G1 Preventive Collection) 7934M->7934M(7976M) 15,440ms
[11,079s][info][gc] GC(49) Pause Young (Normal) (G1 Preventive Collection) 7938M->7937M(7984M) 18,615ms
[11,102s][info][gc] GC(50) Pause Young (Normal) (G1 Preventive Collection) 7941M->7940M(7988M) 17,717ms
[11,124s][info][gc] GC(51) Pause Young (Normal) (G1 Preventive Collection) 7948M->7949M(7988M) 13,655ms
[11,146s][info][gc] GC(52) To-space exhausted
[11,146s][info][gc] GC(52) Pause Young (Normal) (G1 Preventive Collection) 7953M->7957M(7988M) 18,264ms
[11,176s][info][gc] GC(53) To-space exhausted
[11,176s][info][gc] GC(53) Pause Young (Normal) (G1 Preventive Collection) 7961M->7977M(7988M) 26,650ms
[11,215s][info][gc] GC(54) To-space exhausted
[11,215s][info][gc] GC(54) Pause Young (Normal) (G1 Evacuation Pause) 7981M->7981M(7988M) 35,801ms
[13,811s][info][gc] GC(55) Pause Full (G1 Compaction Pause) 7981M->5866M(7988M) 2595,773ms
[13,811s][info][gc] GC(28) Concurrent Mark Cycle 3705,992ms
[14,432s][info][gc] GC(56) Pause Young (Normal) (G1 Evacuation Pause) 6262M->6262M(7988M) 330,423ms
[14,908s][info][gc] GC(57) Pause Young (Concurrent Start) (G1 Evacuation Pause) 6606M->6616M(7988M) 227,031ms
[14,908s][info][gc] GC(58) Concurrent Mark Cycle
[15,143s][info][gc] GC(59) Pause Young (Normal) (G1 Humongous Allocation) 6786M->6792M(7988M) 114,783ms
[18,687s][info][gc] GC(60) Pause Full (G1 Compaction Pause) 6792M->6774M(7988M) 3543,787ms
[23,475s][info][gc] GC(61) Pause Full (G1 Compaction Pause) 6774M->6770M(7988M) 4787,413ms
[23,475s][info][gc] GC(58) Concurrent Mark Cycle 8567,464ms
